// Jest Snapshot v1, https://goo.gl/fbAQLP

exports[`ErrorPage component Snapshot 1`] = `
Object {
  "asFragment": [Function],
  "baseElement": <body>
    <div>
      <div>
        <div>
          <h1
            class=""
          >
            404
          </h1>
          <div
            class=""
            data-gap-size="xs"
          />
          <h2
            class=""
          >
            Page not found
          </h2>
          <div
            class=""
            data-gap-size="xs"
          />
          <button
            class="button__component_5v2qr button__link_5v2qr button__xxs_5v2qr button__xxs_1zzy9 button__component_18dw8 button__link_18dw8 button__component_1x5x4 button__link_1x5x4"
            type="button"
          >
            <span
              class="button__text_5v2qr button__stretchText_5v2qr"
            >
              Вернуться
            </span>
          </button>
        </div>
      </div>
    </div>
  </body>,
  "container": <div>
    <div>
      <div>
        <h1
          class=""
        >
          404
        </h1>
        <div
          class=""
          data-gap-size="xs"
        />
        <h2
          class=""
        >
          Page not found
        </h2>
        <div
          class=""
          data-gap-size="xs"
        />
        <button
          class="button__component_5v2qr button__link_5v2qr button__xxs_5v2qr button__xxs_1zzy9 button__component_18dw8 button__link_18dw8 button__component_1x5x4 button__link_1x5x4"
          type="button"
        >
          <span
            class="button__text_5v2qr button__stretchText_5v2qr"
          >
            Вернуться
          </span>
        </button>
      </div>
    </div>
  </div>,
  "debug": [Function],
  "findAllByAltText": [Function],
  "findAllByDisplayValue": [Function],
  "findAllByLabelText": [Function],
  "findAllByPlaceholderText": [Function],
  "findAllByRole": [Function],
  "findAllByTestId": [Function],
  "findAllByText": [Function],
  "findAllByTitle": [Function],
  "findByAltText": [Function],
  "findByDisplayValue": [Function],
  "findByLabelText": [Function],
  "findByPlaceholderText": [Function],
  "findByRole": [Function],
  "findByTestId": [Function],
  "findByText": [Function],
  "findByTitle": [Function],
  "getAllByAltText": [Function],
  "getAllByDisplayValue": [Function],
  "getAllByLabelText": [Function],
  "getAllByPlaceholderText": [Function],
  "getAllByRole": [Function],
  "getAllByTestId": [Function],
  "getAllByText": [Function],
  "getAllByTitle": [Function],
  "getByAltText": [Function],
  "getByDisplayValue": [Function],
  "getByLabelText": [Function],
  "getByPlaceholderText": [Function],
  "getByRole": [Function],
  "getByTestId": [Function],
  "getByText": [Function],
  "getByTitle": [Function],
  "queryAllByAltText": [Function],
  "queryAllByDisplayValue": [Function],
  "queryAllByLabelText": [Function],
  "queryAllByPlaceholderText": [Function],
  "queryAllByRole": [Function],
  "queryAllByTestId": [Function],
  "queryAllByText": [Function],
  "queryAllByTitle": [Function],
  "queryByAltText": [Function],
  "queryByDisplayValue": [Function],
  "queryByLabelText": [Function],
  "queryByPlaceholderText": [Function],
  "queryByRole": [Function],
  "queryByTestId": [Function],
  "queryByText": [Function],
  "queryByTitle": [Function],
  "rerender": [Function],
  "unmount": [Function],
}
`;
